---
source: crates/sui-config/tests/snapshot_tests.rs
expression: genesis.validator_set()
---
- name: "0"
  public-key: ACD9usmxC3WHu6e1vBY7zmnnltceTtRMEPy0SIaJ96FE
  network-key: ACD9usmxC3WHu6e1vBY7zmnnltceTtRMEPy0SIaJ96FE
  stake: 1
  delegation: 0
  gas-price: 1
  network-address: ""
  narwhal-primary-to-primary: ""
  narwhal-worker-to-primary: ""
  narwhal-primary-to-worker: ""
  narwhal-worker-to-worker: ""
  narwhal-consensus-address: ""

