---
source: crates/sui-config/tests/snapshot_tests.rs
expression: genesis_config
---
validator_genesis_info: ~
committee_size: 4
accounts:
  - address: d5e523d7cfe148034f6ddaa97e4d2ca5fd7e6de4
    gas_objects:
      - object_id: "0xd5e523d7cfe148034f6ddaa97e4d2ca5fd7e6de4"
        gas_value: 100000000
      - object_id: "0xd5e523d7cfe148034f6ddaa97e4d2ca5fd7e6de4"
        gas_value: 100000000
      - object_id: "0xd5e523d7cfe148034f6ddaa97e4d2ca5fd7e6de4"
        gas_value: 100000000
      - object_id: "0xd5e523d7cfe148034f6ddaa97e4d2ca5fd7e6de4"
        gas_value: 100000000
      - object_id: "0xd5e523d7cfe148034f6ddaa97e4d2ca5fd7e6de4"
        gas_value: 100000000
    gas_object_ranges: []
  - address: d5e523d7cfe148034f6ddaa97e4d2ca5fd7e6de4
    gas_objects:
      - object_id: "0xd5e523d7cfe148034f6ddaa97e4d2ca5fd7e6de4"
        gas_value: 100000000
      - object_id: "0xd5e523d7cfe148034f6ddaa97e4d2ca5fd7e6de4"
        gas_value: 100000000
      - object_id: "0xd5e523d7cfe148034f6ddaa97e4d2ca5fd7e6de4"
        gas_value: 100000000
      - object_id: "0xd5e523d7cfe148034f6ddaa97e4d2ca5fd7e6de4"
        gas_value: 100000000
      - object_id: "0xd5e523d7cfe148034f6ddaa97e4d2ca5fd7e6de4"
        gas_value: 100000000
    gas_object_ranges: []
  - address: d5e523d7cfe148034f6ddaa97e4d2ca5fd7e6de4
    gas_objects:
      - object_id: "0xd5e523d7cfe148034f6ddaa97e4d2ca5fd7e6de4"
        gas_value: 100000000
      - object_id: "0xd5e523d7cfe148034f6ddaa97e4d2ca5fd7e6de4"
        gas_value: 100000000
      - object_id: "0xd5e523d7cfe148034f6ddaa97e4d2ca5fd7e6de4"
        gas_value: 100000000
      - object_id: "0xd5e523d7cfe148034f6ddaa97e4d2ca5fd7e6de4"
        gas_value: 100000000
      - object_id: "0xd5e523d7cfe148034f6ddaa97e4d2ca5fd7e6de4"
        gas_value: 100000000
    gas_object_ranges: []
  - address: d5e523d7cfe148034f6ddaa97e4d2ca5fd7e6de4
    gas_objects:
      - object_id: "0xd5e523d7cfe148034f6ddaa97e4d2ca5fd7e6de4"
        gas_value: 100000000
      - object_id: "0xd5e523d7cfe148034f6ddaa97e4d2ca5fd7e6de4"
        gas_value: 100000000
      - object_id: "0xd5e523d7cfe148034f6ddaa97e4d2ca5fd7e6de4"
        gas_value: 100000000
      - object_id: "0xd5e523d7cfe148034f6ddaa97e4d2ca5fd7e6de4"
        gas_value: 100000000
      - object_id: "0xd5e523d7cfe148034f6ddaa97e4d2ca5fd7e6de4"
        gas_value: 100000000
    gas_object_ranges: []
  - address: d5e523d7cfe148034f6ddaa97e4d2ca5fd7e6de4
    gas_objects:
      - object_id: "0xd5e523d7cfe148034f6ddaa97e4d2ca5fd7e6de4"
        gas_value: 100000000
      - object_id: "0xd5e523d7cfe148034f6ddaa97e4d2ca5fd7e6de4"
        gas_value: 100000000
      - object_id: "0xd5e523d7cfe148034f6ddaa97e4d2ca5fd7e6de4"
        gas_value: 100000000
      - object_id: "0xd5e523d7cfe148034f6ddaa97e4d2ca5fd7e6de4"
        gas_value: 100000000
      - object_id: "0xd5e523d7cfe148034f6ddaa97e4d2ca5fd7e6de4"
        gas_value: 100000000
    gas_object_ranges: []

