---
source: crates/sui-config/tests/snapshot_tests.rs
expression: genesis.sui_system_object()
---
epoch: 0
protocol_version: 1
system_state_version: 1
validators:
  total_stake: 20000000000000000
  active_validators:
    - metadata:
        sui_address: "0x73a6b3c33e2d63383de5c6786cbaca231ff789f4c853af6d54cb883d8780adc0"
        protocol_pubkey_bytes:
          - 153
          - 242
          - 94
          - 246
          - 31
          - 128
          - 50
          - 185
          - 20
          - 99
          - 100
          - 96
          - 152
          - 44
          - 92
          - 198
          - 241
          - 52
          - 239
          - 29
          - 218
          - 231
          - 102
          - 87
          - 242
          - 203
          - 254
          - 193
          - 235
          - 252
          - 141
          - 9
          - 115
          - 116
          - 8
          - 13
          - 246
          - 252
          - 240
          - 220
          - 184
          - 188
          - 75
          - 13
          - 142
          - 10
          - 245
          - 216
          - 14
          - 187
          - 255
          - 43
          - 76
          - 89
          - 159
          - 84
          - 244
          - 45
          - 99
          - 18
          - 223
          - 195
          - 20
          - 39
          - 96
          - 120
          - 193
          - 204
          - 52
          - 126
          - 187
          - 190
          - 197
          - 25
          - 139
          - 226
          - 88
          - 81
          - 63
          - 56
          - 107
          - 147
          - 13
          - 2
          - 194
          - 116
          - 154
          - 128
          - 62
          - 35
          - 48
          - 149
          - 94
          - 189
          - 26
          - 16
        network_pubkey_bytes:
          - 13
          - 125
          - 171
          - 53
          - 140
          - 141
          - 173
          - 170
          - 78
          - 250
          - 0
          - 73
          - 167
          - 91
          - 7
          - 67
          - 101
          - 85
          - 177
          - 10
          - 54
          - 130
          - 25
          - 187
          - 104
          - 15
          - 112
          - 87
          - 19
          - 73
          - 215
          - 117
        worker_pubkey_bytes:
          - 13
          - 125
          - 171
          - 53
          - 140
          - 141
          - 173
          - 170
          - 78
          - 250
          - 0
          - 73
          - 167
          - 91
          - 7
          - 67
          - 101
          - 85
          - 177
          - 10
          - 54
          - 130
          - 25
          - 187
          - 104
          - 15
          - 112
          - 87
          - 19
          - 73
          - 215
          - 117
        proof_of_possession_bytes:
          - 176
          - 81
          - 164
          - 232
          - 143
          - 71
          - 217
          - 26
          - 206
          - 233
          - 63
          - 195
          - 47
          - 30
          - 65
          - 201
          - 145
          - 199
          - 195
          - 120
          - 45
          - 204
          - 61
          - 44
          - 156
          - 62
          - 176
          - 15
          - 202
          - 179
          - 6
          - 85
          - 117
          - 235
          - 141
          - 16
          - 201
          - 85
          - 81
          - 255
          - 154
          - 70
          - 63
          - 157
          - 87
          - 56
          - 150
          - 193
        name: "0"
        description: ""
        image_url: ""
        project_url: ""
        net_address: /ip4/127.0.0.1/tcp/80
        p2p_address: /ip4/127.0.0.1/udp/80
        primary_address: /ip4/127.0.0.1/udp/80
        worker_address: /ip4/127.0.0.1/udp/80
        next_epoch_protocol_pubkey_bytes: ~
        next_epoch_proof_of_possession: ~
        next_epoch_network_pubkey_bytes: ~
        next_epoch_worker_pubkey_bytes: ~
        next_epoch_net_address: ~
        next_epoch_p2p_address: ~
        next_epoch_primary_address: ~
        next_epoch_worker_address: ~
        extra_fields:
          id:
            id: "0xc49bc85bfe1e8dbfc0f6cdda3483e194eb11d3b4926f9760821eb82b5bbb4e21"
          size: 0
      voting_power: 10000
      operation_cap_id: "0xa41987224c528386a781e99432b256a842ab024628485efcf1efc8b632eca85a"
      gas_price: 1
      staking_pool:
        id: "0xc8bda47a04af6a93b68c95b7aec9d972e4b4158a7168aef7a0e524cec0c42c95"
        activation_epoch: 0
        deactivation_epoch: ~
        sui_balance: 20000000000000000
        rewards_pool:
          value: 0
        pool_token_balance: 20000000000000000
        exchange_rates:
          id: "0xf9766fb48890a863a0aa633c7ab3d133b71d234a2752d1d7c947abb4a4e1fdbb"
          size: 1
        pending_stake: 0
        pending_total_sui_withdraw: 0
        pending_pool_token_withdraw: 0
        extra_fields:
          id:
            id: "0x71a3c9b31afe503e41ac222fb950832966b2231ebf29ad27fa343a84c8035dac"
          size: 0
      commission_rate: 0
      next_epoch_stake: 20000000000000000
      next_epoch_gas_price: 1
      next_epoch_commission_rate: 0
      extra_fields:
        id:
          id: "0xfa6440d82965336c2e20a07e0bdcbdb45ed9a36cdbd33b944c32fc7e96e03c9f"
        size: 0
  pending_active_validators:
    contents:
      id: "0x405c522859fa8b380a59cbb59485a2534ae6cafd837c8fe49689ec2d253ff222"
      size: 0
  pending_removals: []
  staking_pool_mappings:
    id: "0x60a14560f2005e39b1a90c9e3c0e34379cb9a8363466a2b62cbdd912c1a75c0d"
    size: 1
  inactive_validators:
    id: "0xd8ca98fa6fb10a9af4adeefa657428898884bd429915b4a3db40c5c984eeae67"
    size: 0
  validator_candidates:
    id: "0x04b420f49174d424f25cce3312910f15d077456d8486c2661dcdba4e3cba9db7"
    size: 0
  at_risk_validators:
    contents: []
  extra_fields:
    id:
      id: "0xcfd1d4f1503ca757654135f82bcffc3c72414851151dc0bf2ca7e6c91cf2ebc1"
    size: 0
storage_fund:
  value: 0
parameters:
  epoch_duration_ms: 86400000
  stake_subsidy_start_epoch: 0
  max_vaidator_count: 150
  min_validator_joining_stake: 30000000000000000
  validator_low_stake_threshold: 20000000000000000
  validator_very_low_stake_threshold: 15000000000000000
  validator_low_stake_grace_period: 7
  extra_fields:
    id:
      id: "0x0817ceef5611b1f919c9cd7f9bf8eb4a2d9a3d4d5d991c0c1bca4bb4ac4034e2"
    size: 0
reference_gas_price: 1
validator_report_records:
  contents: []
stake_subsidy:
  balance:
    value: 9980000000000000000
  distribution_counter: 0
  current_distribution_amount: 1000000000000000
  stake_subsidy_period_length: 30
  stake_subsidy_decrease_rate: 10000
  extra_fields:
    id:
      id: "0x4c7b7869e9196c74d9f59d42e78e9378cff61a20a4c3cf75c636cd8ec4c01a4c"
    size: 0
safe_mode: false
epoch_start_timestamp_ms: 10
extra_fields:
  id:
    id: "0xdeaf40e2f0d3f1ef9ffc539a3d11e5fb6731806cb2bbd9876dd2d256dfd79810"
  size: 0

