---
source: crates/sui/tests/ptb_files_tests.rs
expression: "results.join(\"\\n\")"
---
 === PREVIEW === 
╭───────────────────────────────────────────────────────────────╮
│ PTB Preview                                                   │
├────────────┬───────────────────────────────────────┬──────────┤
│ command    │ from                                  │ value(s) │
├────────────┼───────────────────────────────────────┼──────────┤
│ gas_budget │ tests/ptb_files/gas/no_gas_picker.ptb │ 1000     │
│ assign     │ tests/ptb_files/gas/no_gas_picker.ptb │ X 1000   │
│ gas_budget │ valid_gas.ptb                         │ 110000   │
│ preview    │ console                               │ true     │
╰────────────┴───────────────────────────────────────┴──────────╯
 === PARSED INPUT COMMANDS === 
cmd: file-include-start, value: ["\"tests/ptb_files/gas/no_gas_picker.ptb\""]
cmd: gas_budget, value: ["1000u64"]
cmd: assign, value: ["X", "1000u64"]
cmd: file-include-start, value: ["\"valid_gas.ptb\""]
cmd: gas_budget, value: ["110000u64"]
cmd: preview, value: ["false"]
cmd: warn_shadows, value: ["false"]
cmd: file-include-end, value: ["\"valid_gas.ptb\""]
cmd: preview, value: ["false"]
cmd: warn_shadows, value: ["false"]
cmd: file-include-end, value: ["\"tests/ptb_files/gas/no_gas_picker.ptb\""]
cmd: preview, value: ["true"]
cmd: warn_shadows, value: ["false"]
 === BUILDING PTB ERRORS === 
  × Error at command 0 in PTB file 'tests/ptb_files/gas/no_gas_picker.ptb'
   ╭────
 1 │ gas_budget 1000 
   ·            ──┬─
   ·              ╰── Multiple gas budgets set for transaction with no gas picker. Gas budget is set for the first time here.
   ╰────
  help: You should either remove all but one usage of setting the gas
        budget, or use the 'pick_gas_budget' command to handle multiple
        gas budgets

  × Error at command 0 in PTB file 'valid_gas.ptb'
   ╭────
 1 │ gas_budget 110000 
   ·            ───┬──
   ·               ╰── Gas budget is set for the 2nd time here.
   ╰────

