---
source: crates/sui/tests/ptb_files_tests.rs
expression: "results.join(\"\\n\")"
---
 === PREVIEW === 
╭───────────────────────────────────────────────────────────────────────────────────────────────────────────────────╮
│ PTB Preview                                                                                                       │
├─────────────┬───────────────────────────────────────────────────┬─────────────────────────────────────────────────┤
│ command     │ from                                              │ value(s)                                        │
├─────────────┼───────────────────────────────────────────────────┼─────────────────────────────────────────────────┤
│ split_coins │ tests/ptb_files/split_coins/split_coins_valid.ptb │ gas [0,1,2,3]                                   │
│ assign      │ tests/ptb_files/split_coins/split_coins_valid.ptb │ coins                                           │
│ move_call   │ tests/ptb_files/split_coins/split_coins_valid.ptb │ sui::coin::destroy_zero<sui::sui::SUI> coins.0  │
│ split_coins │ tests/ptb_files/split_coins/split_coins_valid.ptb │ coins.1 [0,0]                                   │
│ assign      │ tests/ptb_files/split_coins/split_coins_valid.ptb │ zcoins                                          │
│ move_call   │ tests/ptb_files/split_coins/split_coins_valid.ptb │ sui::coin::destroy_zero<sui::sui::SUI> zcoins.0 │
│ move_call   │ tests/ptb_files/split_coins/split_coins_valid.ptb │ sui::coin::destroy_zero<sui::sui::SUI> zcoins.0 │
│ merge_coins │ tests/ptb_files/split_coins/split_coins_valid.ptb │ gas [coins.1, coins.2, coins.3]                 │
│ gas_budget  │ tests/ptb_files/split_coins/split_coins_valid.ptb │ 10000000                                        │
│ preview     │ console                                           │ true                                            │
╰─────────────┴───────────────────────────────────────────────────┴─────────────────────────────────────────────────╯
 === PARSED INPUT COMMANDS === 
cmd: file-include-start, value: ["\"tests/ptb_files/split_coins/split_coins_valid.ptb\""]
cmd: split_coins, value: ["gas", "[0u64, 1u64, 2u64, 3u64]"]
cmd: assign, value: ["coins"]
cmd: move_call, value: ["sui::coin::destroy_zero", "<0x2::sui::SUI>", "coins.0"]
cmd: split_coins, value: ["coins.1", "[0u64, 0u64]"]
cmd: assign, value: ["zcoins"]
cmd: move_call, value: ["sui::coin::destroy_zero", "<0x2::sui::SUI>", "zcoins.0"]
cmd: move_call, value: ["sui::coin::destroy_zero", "<0x2::sui::SUI>", "zcoins.0"]
cmd: merge_coins, value: ["gas", "[coins.1, coins.2, coins.3]"]
cmd: gas_budget, value: ["10000000u64"]
cmd: preview, value: ["false"]
cmd: warn_shadows, value: ["false"]
cmd: file-include-end, value: ["\"tests/ptb_files/split_coins/split_coins_valid.ptb\""]
cmd: preview, value: ["true"]
cmd: warn_shadows, value: ["false"]
 === BUILT PTB === 
SplitCoins(GasCoinInput(0),Input(1),Input(2),Input(3))
MoveCall(0x0000000000000000000000000000000000000000000000000000000000000002::coin::destroy_zero<0x2::sui::SUI>(NestedResult(0,0)))
SplitCoins(NestedResult(0,1)Input(0),Input(0))
MoveCall(0x0000000000000000000000000000000000000000000000000000000000000002::coin::destroy_zero<0x2::sui::SUI>(NestedResult(2,0)))
MoveCall(0x0000000000000000000000000000000000000000000000000000000000000002::coin::destroy_zero<0x2::sui::SUI>(NestedResult(2,0)))
MergeCoins(GasCoin,NestedResult(0,1),NestedResult(0,2),NestedResult(0,3))
