---
source: crates/sui/tests/ptb_files_tests.rs
expression: "results.join(\"\\n\")"
---
 === PREVIEW === 
╭───────────────────────────────────────────────────────────────────╮
│ PTB Preview                                                       │
├────────────┬───────────────────────────────────────────┬──────────┤
│ command    │ from                                      │ value(s) │
├────────────┼───────────────────────────────────────────┼──────────┤
│ publish    │ tests/ptb_files/publish/publish_valid.ptb │ test_pkg │
│ gas_budget │ tests/ptb_files/publish/publish_valid.ptb │ 1000000  │
│ preview    │ console                                   │ true     │
╰────────────┴───────────────────────────────────────────┴──────────╯
 === PARSED INPUT COMMANDS === 
cmd: file-include-start, value: ["\"tests/ptb_files/publish/publish_valid.ptb\""]
cmd: publish, value: ["\"test_pkg\""]
cmd: gas_budget, value: ["1000000u64"]
cmd: preview, value: ["false"]
cmd: warn_shadows, value: ["false"]
cmd: file-include-end, value: ["\"tests/ptb_files/publish/publish_valid.ptb\""]
cmd: preview, value: ["true"]
cmd: warn_shadows, value: ["false"]
 === BUILT PTB === 
Publish(_,)
