---
source: crates/sui/tests/ptb_files_tests.rs
expression: results
---
cmd: file-include-start, value: ["\"tests/ptb_files/ptb_with_comments.ptb\""]
cmd: gas_budget, value: ["100000u64"]
cmd: split_coins, value: ["@0x5", "[1000u64]"]
cmd: assign, value: ["result"]
cmd: transfer_objects, value: ["@0x6", "result"]
cmd: preview, value: ["false"]
cmd: warn_shadows, value: ["false"]
cmd: file-include-end, value: ["\"tests/ptb_files/ptb_with_comments.ptb\""]
cmd: preview, value: ["false"]
cmd: warn_shadows, value: ["false"]
