---
source: crates/sui/tests/ptb_files_tests.rs
expression: "results.join(\"\\n\")"
---
 === PREVIEW === 
╭───────────────────────────────────────────────────────────╮
│ PTB Preview                                               │
├────────────┬───────────────────────────────────┬──────────┤
│ command    │ from                              │ value(s) │
├────────────┼───────────────────────────────────┼──────────┤
│ gas_budget │ tests/ptb_files/gas/valid_gas.ptb │ 110000   │
│ preview    │ console                           │ true     │
╰────────────┴───────────────────────────────────┴──────────╯
 === PARSED INPUT COMMANDS === 
cmd: file-include-start, value: ["\"tests/ptb_files/gas/valid_gas.ptb\""]
cmd: gas_budget, value: ["110000u64"]
cmd: preview, value: ["false"]
cmd: warn_shadows, value: ["false"]
cmd: file-include-end, value: ["\"tests/ptb_files/gas/valid_gas.ptb\""]
cmd: preview, value: ["true"]
cmd: warn_shadows, value: ["false"]
 === BUILT PTB === 
