---
source: crates/sui/tests/ptb_files_tests.rs
expression: "results.join(\"\\n\")"
---
 === PREVIEW === 
╭───────────────────────────────────╮
│ PTB Preview                       │
├────────────┬─────────┬────────────┤
│ command    │ from    │ value(s)   │
├────────────┼─────────┼────────────┤
│ gas_budget │ console │ 1000000000 │
│ preview    │ console │ true       │
╰────────────┴─────────┴────────────╯
 === PARSED INPUT COMMANDS === 
cmd: file-include-start, value: ["\"tests/ptb_files/file/include_empty.ptb\""]
cmd: file-include-start, value: ["\"empty.ptb.include_only\""]
cmd: preview, value: ["false"]
cmd: warn_shadows, value: ["false"]
cmd: file-include-end, value: ["\"empty.ptb.include_only\""]
cmd: gas_budget, value: ["1000000000u64"]
cmd: preview, value: ["false"]
cmd: warn_shadows, value: ["false"]
cmd: file-include-end, value: ["\"tests/ptb_files/file/include_empty.ptb\""]
cmd: preview, value: ["true"]
cmd: warn_shadows, value: ["false"]
 === BUILT PTB === 
