---
source: crates/sui/tests/ptb_files_tests.rs
expression: results
---
cmd: file-include-start, args: Map { iter: Iter([Spanned { span: Span { start: 0, end: 36, arg_idx: 0, file_scope: FileScope { file_command_index: 0, name: "tests/ptb_files/transfer_objects.ptb", name_index: 0 } }, value: String("tests/ptb_files/transfer_objects.ptb") }]) }
cmd: gas_budget, args: Map { iter: Iter([Spanned { span: Span { start: 0, end: 4, arg_idx: 0, file_scope: FileScope { file_command_index: 0, name: "tests/ptb_files/transfer_objects.ptb", name_index: 0 } }, value: U64(1000) }]) }
cmd: assign, args: Map { iter: Iter([Spanned { span: Span { start: 0, end: 1, arg_idx: 0, file_scope: FileScope { file_command_index: 1, name: "tests/ptb_files/transfer_objects.ptb", name_index: 0 } }, value: Identifier("A") }, Spanned { span: Span { start: 0, end: 6, arg_idx: 1, file_scope: FileScope { file_command_index: 1, name: "tests/ptb_files/transfer_objects.ptb", name_index: 0 } }, value: String("\"@0x1\"") }]) }
cmd: assign, args: Map { iter: Iter([Spanned { span: Span { start: 0, end: 1, arg_idx: 0, file_scope: FileScope { file_command_index: 2, name: "tests/ptb_files/transfer_objects.ptb", name_index: 0 } }, value: Identifier("A") }, Spanned { span: Span { start: 0, end: 6, arg_idx: 1, file_scope: FileScope { file_command_index: 2, name: "tests/ptb_files/transfer_objects.ptb", name_index: 0 } }, value: String("\"@0x1\"") }]) }
cmd: assign, args: Map { iter: Iter([Spanned { span: Span { start: 0, end: 1, arg_idx: 0, file_scope: FileScope { file_command_index: 3, name: "tests/ptb_files/transfer_objects.ptb", name_index: 0 } }, value: Identifier("B") }, Spanned { span: Span { start: 1, end: 4, arg_idx: 1, file_scope: FileScope { file_command_index: 3, name: "tests/ptb_files/transfer_objects.ptb", name_index: 0 } }, value: Address(0x2) }]) }
cmd: assign, args: Map { iter: Iter([Spanned { span: Span { start: 0, end: 1, arg_idx: 0, file_scope: FileScope { file_command_index: 4, name: "tests/ptb_files/transfer_objects.ptb", name_index: 0 } }, value: Identifier("C") }, Spanned { span: Span { start: 0, end: 1, arg_idx: 1, file_scope: FileScope { file_command_index: 4, name: "tests/ptb_files/transfer_objects.ptb", name_index: 0 } }, value: Identifier("A") }, Spanned { span: Span { start: 0, end: 18, arg_idx: 2, file_scope: FileScope { file_command_index: 4, name: "tests/ptb_files/transfer_objects.ptb", name_index: 0 } }, value: String("\"[@0x1,@0x2,@0x3]\"") }]) }
cmd: assign, args: Map { iter: Iter([Spanned { span: Span { start: 0, end: 1, arg_idx: 0, file_scope: FileScope { file_command_index: 5, name: "tests/ptb_files/transfer_objects.ptb", name_index: 0 } }, value: Identifier("G") }]) }
cmd: assign, args: Map { iter: Iter([Spanned { span: Span { start: 0, end: 1, arg_idx: 0, file_scope: FileScope { file_command_index: 6, name: "tests/ptb_files/transfer_objects.ptb", name_index: 0 } }, value: Identifier("s") }]) }
cmd: transfer_objects, args: Map { iter: Iter([Spanned { span: Span { start: 0, end: 1, arg_idx: 0, file_scope: FileScope { file_command_index: 7, name: "tests/ptb_files/transfer_objects.ptb", name_index: 0 } }, value: Identifier("A") }, Spanned { span: Span { start: 0, end: 9, arg_idx: 1, file_scope: FileScope { file_command_index: 7, name: "tests/ptb_files/transfer_objects.ptb", name_index: 0 } }, value: String("\"[A,B,C]\"") }]) }
cmd: split_coins, args: Map { iter: Iter([Spanned { span: Span { start: 0, end: 3, arg_idx: 0, file_scope: FileScope { file_command_index: 8, name: "tests/ptb_files/transfer_objects.ptb", name_index: 0 } }, value: Gas }, Spanned { span: Span { start: 0, end: 9, arg_idx: 1, file_scope: FileScope { file_command_index: 8, name: "tests/ptb_files/transfer_objects.ptb", name_index: 0 } }, value: String("\"[1,2,3]\"") }]) }
cmd: preview, args: Map { iter: Iter([Spanned { span: Span { start: 0, end: 5, arg_idx: 0, file_scope: FileScope { file_command_index: 9, name: "tests/ptb_files/transfer_objects.ptb", name_index: 0 } }, value: Bool(false) }]) }
cmd: warn_shadows, args: Map { iter: Iter([Spanned { span: Span { start: 0, end: 5, arg_idx: 0, file_scope: FileScope { file_command_index: 10, name: "tests/ptb_files/transfer_objects.ptb", name_index: 0 } }, value: Bool(false) }]) }
cmd: file-include-end, args: Map { iter: Iter([Spanned { span: Span { start: 0, end: 36, arg_idx: 0, file_scope: FileScope { file_command_index: 1, name: "console", name_index: 0 } }, value: String("tests/ptb_files/transfer_objects.ptb") }]) }
cmd: preview, args: Map { iter: Iter([Spanned { span: Span { start: 0, end: 5, arg_idx: 0, file_scope: FileScope { file_command_index: 1, name: "console", name_index: 0 } }, value: Bool(false) }]) }
cmd: warn_shadows, args: Map { iter: Iter([Spanned { span: Span { start: 0, end: 5, arg_idx: 0, file_scope: FileScope { file_command_index: 2, name: "console", name_index: 0 } }, value: Bool(false) }]) }
