---
source: crates/sui/tests/ptb_files_tests.rs
expression: "format!(\"=== FILE EXPANSION ERROR === \\n {:?}\", e)"
---
=== FILE EXPANSION ERROR === 
 tests/ptb_files/file/include_non_existent_file.ptb includes file nope which does not exist.
