---
source: crates/sui/tests/ptb_files_tests.rs
expression: "results.join(\"\\n\")"
---
 === PREVIEW === 
╭───────────────────────────────────────────────────────────────────────────────────────────────────────────────╮
│ PTB Preview                                                                                                   │
├───────────────┬───────────────────────────────────────────────────────────┬───────────────────────────────────┤
│ command       │ from                                                      │ value(s)                          │
├───────────────┼───────────────────────────────────────────────────────────┼───────────────────────────────────┤
│ assign        │ tests/ptb_files/resolution/variable_resolution_fixing.ptb │ s @0x1                            │
│ move_call     │ tests/ptb_files/resolution/variable_resolution_fixing.ptb │ sui::coin::value<sui::sui::SUI> s │
│ make_move_vec │ tests/ptb_files/resolution/variable_resolution_fixing.ptb │ <address> [s]                     │
│ gas_budget    │ tests/ptb_files/resolution/variable_resolution_fixing.ptb │ 100000                            │
│ preview       │ console                                                   │ true                              │
╰───────────────┴───────────────────────────────────────────────────────────┴───────────────────────────────────╯
 === PARSED INPUT COMMANDS === 
cmd: file-include-start, value: ["\"tests/ptb_files/resolution/variable_resolution_fixing.ptb\""]
cmd: assign, value: ["s", "@0x1"]
cmd: move_call, value: ["sui::coin::value", "<0x2::sui::SUI>", "s"]
cmd: make_move_vec, value: ["<address>", "[s]"]
cmd: gas_budget, value: ["100000u64"]
cmd: preview, value: ["false"]
cmd: warn_shadows, value: ["false"]
cmd: file-include-end, value: ["\"tests/ptb_files/resolution/variable_resolution_fixing.ptb\""]
cmd: preview, value: ["true"]
cmd: warn_shadows, value: ["false"]
 === BUILT PTB === 
Input 0: ImmutableOrOwnedObject
Command 0: MoveCall(0x0000000000000000000000000000000000000000000000000000000000000002::coin::value<0x2::sui::SUI>(Input(0)))
Command 1: MakeMoveVec(Someaddress,[Input(0)])
