---
source: crates/sui/tests/ptb_files_tests.rs
expression: results
---
cmd: file-include-start, args: Map { iter: Iter([Spanned { span: Span { start: 0, end: 33, arg_idx: 0, file_scope: FileScope { file_command_index: 0, name: "tests/ptb_files/make_move_vec.ptb", name_index: 0 } }, value: String("tests/ptb_files/make_move_vec.ptb") }]) }
cmd: gas_budget, args: Map { iter: Iter([Spanned { span: Span { start: 0, end: 4, arg_idx: 0, file_scope: FileScope { file_command_index: 0, name: "tests/ptb_files/make_move_vec.ptb", name_index: 0 } }, value: U64(1000) }]) }
cmd: make_move_vec, args: Map { iter: Iter([Spanned { span: Span { start: 0, end: 7, arg_idx: 0, file_scope: FileScope { file_command_index: 1, name: "tests/ptb_files/make_move_vec.ptb", name_index: 0 } }, value: String("\"<u64>\"") }, Spanned { span: Span { start: 0, end: 9, arg_idx: 1, file_scope: FileScope { file_command_index: 1, name: "tests/ptb_files/make_move_vec.ptb", name_index: 0 } }, value: Array([Spanned { span: Span { start: 1, end: 2, arg_idx: 1, file_scope: FileScope { file_command_index: 1, name: "tests/ptb_files/make_move_vec.ptb", name_index: 0 } }, value: U64(1) }, Spanned { span: Span { start: 3, end: 4, arg_idx: 1, file_scope: FileScope { file_command_index: 1, name: "tests/ptb_files/make_move_vec.ptb", name_index: 0 } }, value: U64(2) }, Spanned { span: Span { start: 5, end: 6, arg_idx: 1, file_scope: FileScope { file_command_index: 1, name: "tests/ptb_files/make_move_vec.ptb", name_index: 0 } }, value: U64(3) }, Spanned { span: Span { start: 7, end: 8, arg_idx: 1, file_scope: FileScope { file_command_index: 1, name: "tests/ptb_files/make_move_vec.ptb", name_index: 0 } }, value: U64(4) }]) }]) }
cmd: make_move_vec, args: Map { iter: Iter([Spanned { span: Span { start: 0, end: 13, arg_idx: 0, file_scope: FileScope { file_command_index: 2, name: "tests/ptb_files/make_move_vec.ptb", name_index: 0 } }, value: String("\"<0x1::a::b>\"") }, Spanned { span: Span { start: 0, end: 11, arg_idx: 1, file_scope: FileScope { file_command_index: 2, name: "tests/ptb_files/make_move_vec.ptb", name_index: 0 } }, value: Array([Spanned { span: Span { start: 2, end: 5, arg_idx: 1, file_scope: FileScope { file_command_index: 2, name: "tests/ptb_files/make_move_vec.ptb", name_index: 0 } }, value: Address(0x1) }, Spanned { span: Span { start: 7, end: 10, arg_idx: 1, file_scope: FileScope { file_command_index: 2, name: "tests/ptb_files/make_move_vec.ptb", name_index: 0 } }, value: Address(0x2) }]) }]) }
cmd: make_move_vec, args: Map { iter: Iter([Spanned { span: Span { start: 0, end: 11, arg_idx: 0, file_scope: FileScope { file_command_index: 3, name: "tests/ptb_files/make_move_vec.ptb", name_index: 0 } }, value: String("\"<address>\"") }, Spanned { span: Span { start: 0, end: 11, arg_idx: 1, file_scope: FileScope { file_command_index: 3, name: "tests/ptb_files/make_move_vec.ptb", name_index: 0 } }, value: Array([Spanned { span: Span { start: 2, end: 5, arg_idx: 1, file_scope: FileScope { file_command_index: 3, name: "tests/ptb_files/make_move_vec.ptb", name_index: 0 } }, value: Address(0x1) }, Spanned { span: Span { start: 7, end: 10, arg_idx: 1, file_scope: FileScope { file_command_index: 3, name: "tests/ptb_files/make_move_vec.ptb", name_index: 0 } }, value: Address(0x2) }]) }]) }
cmd: make_move_vec, args: Map { iter: Iter([Spanned { span: Span { start: 0, end: 19, arg_idx: 0, file_scope: FileScope { file_command_index: 4, name: "tests/ptb_files/make_move_vec.ptb", name_index: 0 } }, value: String("\"<vector<address>>\"") }, Spanned { span: Span { start: 0, end: 27, arg_idx: 1, file_scope: FileScope { file_command_index: 4, name: "tests/ptb_files/make_move_vec.ptb", name_index: 0 } }, value: Array([Spanned { span: Span { start: 1, end: 13, arg_idx: 1, file_scope: FileScope { file_command_index: 4, name: "tests/ptb_files/make_move_vec.ptb", name_index: 0 } }, value: Vector([Spanned { span: Span { start: 9, end: 12, arg_idx: 1, file_scope: FileScope { file_command_index: 4, name: "tests/ptb_files/make_move_vec.ptb", name_index: 0 } }, value: Address(0x1) }]) }, Spanned { span: Span { start: 14, end: 26, arg_idx: 1, file_scope: FileScope { file_command_index: 4, name: "tests/ptb_files/make_move_vec.ptb", name_index: 0 } }, value: Vector([Spanned { span: Span { start: 22, end: 25, arg_idx: 1, file_scope: FileScope { file_command_index: 4, name: "tests/ptb_files/make_move_vec.ptb", name_index: 0 } }, value: Address(0x2) }]) }]) }]) }
cmd: make_move_vec, args: Map { iter: Iter([Spanned { span: Span { start: 0, end: 28, arg_idx: 0, file_scope: FileScope { file_command_index: 5, name: "tests/ptb_files/make_move_vec.ptb", name_index: 0 } }, value: String("\"<std::option::Option<u64>>\"") }, Spanned { span: Span { start: 0, end: 11, arg_idx: 1, file_scope: FileScope { file_command_index: 5, name: "tests/ptb_files/make_move_vec.ptb", name_index: 0 } }, value: Array([Spanned { span: Span { start: 1, end: 5, arg_idx: 1, file_scope: FileScope { file_command_index: 5, name: "tests/ptb_files/make_move_vec.ptb", name_index: 0 } }, value: Option(Spanned { span: Span { start: 1, end: 5, arg_idx: 1, file_scope: FileScope { file_command_index: 5, name: "tests/ptb_files/make_move_vec.ptb", name_index: 0 } }, value: None }) }, Spanned { span: Span { start: 6, end: 10, arg_idx: 1, file_scope: FileScope { file_command_index: 5, name: "tests/ptb_files/make_move_vec.ptb", name_index: 0 } }, value: Option(Spanned { span: Span { start: 6, end: 10, arg_idx: 1, file_scope: FileScope { file_command_index: 5, name: "tests/ptb_files/make_move_vec.ptb", name_index: 0 } }, value: None }) }]) }]) }
cmd: make_move_vec, args: Map { iter: Iter([Spanned { span: Span { start: 0, end: 28, arg_idx: 0, file_scope: FileScope { file_command_index: 6, name: "tests/ptb_files/make_move_vec.ptb", name_index: 0 } }, value: String("\"<std::option::Option<u64>>\"") }, Spanned { span: Span { start: 0, end: 11, arg_idx: 1, file_scope: FileScope { file_command_index: 6, name: "tests/ptb_files/make_move_vec.ptb", name_index: 0 } }, value: Array([Spanned { span: Span { start: 1, end: 5, arg_idx: 1, file_scope: FileScope { file_command_index: 6, name: "tests/ptb_files/make_move_vec.ptb", name_index: 0 } }, value: Option(Spanned { span: Span { start: 1, end: 5, arg_idx: 1, file_scope: FileScope { file_command_index: 6, name: "tests/ptb_files/make_move_vec.ptb", name_index: 0 } }, value: None }) }, Spanned { span: Span { start: 6, end: 10, arg_idx: 1, file_scope: FileScope { file_command_index: 6, name: "tests/ptb_files/make_move_vec.ptb", name_index: 0 } }, value: Option(Spanned { span: Span { start: 6, end: 10, arg_idx: 1, file_scope: FileScope { file_command_index: 6, name: "tests/ptb_files/make_move_vec.ptb", name_index: 0 } }, value: None }) }]) }]) }
cmd: make_move_vec, args: Map { iter: Iter([Spanned { span: Span { start: 0, end: 28, arg_idx: 0, file_scope: FileScope { file_command_index: 7, name: "tests/ptb_files/make_move_vec.ptb", name_index: 0 } }, value: String("\"<std::option::Option<u64>>\"") }, Spanned { span: Span { start: 0, end: 14, arg_idx: 1, file_scope: FileScope { file_command_index: 7, name: "tests/ptb_files/make_move_vec.ptb", name_index: 0 } }, value: Array([Spanned { span: Span { start: 1, end: 5, arg_idx: 1, file_scope: FileScope { file_command_index: 7, name: "tests/ptb_files/make_move_vec.ptb", name_index: 0 } }, value: Option(Spanned { span: Span { start: 1, end: 5, arg_idx: 1, file_scope: FileScope { file_command_index: 7, name: "tests/ptb_files/make_move_vec.ptb", name_index: 0 } }, value: None }) }, Spanned { span: Span { start: 6, end: 13, arg_idx: 1, file_scope: FileScope { file_command_index: 7, name: "tests/ptb_files/make_move_vec.ptb", name_index: 0 } }, value: Option(Spanned { span: Span { start: 11, end: 12, arg_idx: 1, file_scope: FileScope { file_command_index: 7, name: "tests/ptb_files/make_move_vec.ptb", name_index: 0 } }, value: Some(U64(1)) }) }]) }]) }
cmd: make_move_vec, args: Map { iter: Iter([Spanned { span: Span { start: 0, end: 28, arg_idx: 0, file_scope: FileScope { file_command_index: 8, name: "tests/ptb_files/make_move_vec.ptb", name_index: 0 } }, value: String("\"<std::option::Option<u64>>\"") }, Spanned { span: Span { start: 0, end: 20, arg_idx: 1, file_scope: FileScope { file_command_index: 8, name: "tests/ptb_files/make_move_vec.ptb", name_index: 0 } }, value: Array([Spanned { span: Span { start: 1, end: 5, arg_idx: 1, file_scope: FileScope { file_command_index: 8, name: "tests/ptb_files/make_move_vec.ptb", name_index: 0 } }, value: Option(Spanned { span: Span { start: 1, end: 5, arg_idx: 1, file_scope: FileScope { file_command_index: 8, name: "tests/ptb_files/make_move_vec.ptb", name_index: 0 } }, value: None }) }, Spanned { span: Span { start: 6, end: 19, arg_idx: 1, file_scope: FileScope { file_command_index: 8, name: "tests/ptb_files/make_move_vec.ptb", name_index: 0 } }, value: Option(Spanned { span: Span { start: 11, end: 18, arg_idx: 1, file_scope: FileScope { file_command_index: 8, name: "tests/ptb_files/make_move_vec.ptb", name_index: 0 } }, value: Some(Option(Spanned { span: Span { start: 16, end: 17, arg_idx: 1, file_scope: FileScope { file_command_index: 8, name: "tests/ptb_files/make_move_vec.ptb", name_index: 0 } }, value: Some(U64(1)) })) }) }]) }]) }
cmd: preview, args: Map { iter: Iter([Spanned { span: Span { start: 0, end: 5, arg_idx: 0, file_scope: FileScope { file_command_index: 9, name: "tests/ptb_files/make_move_vec.ptb", name_index: 0 } }, value: Bool(false) }]) }
cmd: warn_shadows, args: Map { iter: Iter([Spanned { span: Span { start: 0, end: 5, arg_idx: 0, file_scope: FileScope { file_command_index: 10, name: "tests/ptb_files/make_move_vec.ptb", name_index: 0 } }, value: Bool(false) }]) }
cmd: file-include-end, args: Map { iter: Iter([Spanned { span: Span { start: 0, end: 33, arg_idx: 0, file_scope: FileScope { file_command_index: 1, name: "console", name_index: 0 } }, value: String("tests/ptb_files/make_move_vec.ptb") }]) }
cmd: preview, args: Map { iter: Iter([Spanned { span: Span { start: 0, end: 5, arg_idx: 0, file_scope: FileScope { file_command_index: 1, name: "console", name_index: 0 } }, value: Bool(false) }]) }
cmd: warn_shadows, args: Map { iter: Iter([Spanned { span: Span { start: 0, end: 5, arg_idx: 0, file_scope: FileScope { file_command_index: 2, name: "console", name_index: 0 } }, value: Bool(false) }]) }
