---
source: crates/sui/tests/ptb_files_tests.rs
expression: results
---
╭──────────────────────────────────────────────────────────────────────────────────╮
│ PTB Preview                                                                      │
├──────────────────┬──────────────────────────────────────┬────────────────────────┤
│ command          │ from                                 │ value(s)               │
├──────────────────┼──────────────────────────────────────┼────────────────────────┤
│ gas_budget       │ tests/ptb_files/transfer_objects.ptb │ 1000                   │
│ assign           │ tests/ptb_files/transfer_objects.ptb │ A "@0x1"               │
│ assign           │ tests/ptb_files/transfer_objects.ptb │ A "@0x1"               │
│ assign           │ tests/ptb_files/transfer_objects.ptb │ B @0x2                 │
│ assign           │ tests/ptb_files/transfer_objects.ptb │ C A "[@0x1,@0x2,@0x3]" │
│ assign           │ tests/ptb_files/transfer_objects.ptb │ G                      │
│ assign           │ tests/ptb_files/transfer_objects.ptb │ s                      │
│ transfer_objects │ tests/ptb_files/transfer_objects.ptb │ A "[A,B,C]"            │
│ split_coins      │ tests/ptb_files/transfer_objects.ptb │ gas "[1,2,3]"          │
│ preview          │ console                              │ true                   │
╰──────────────────┴──────────────────────────────────────┴────────────────────────╯
