---
source: crates/sui/tests/ptb_files_tests.rs
expression: results
---
cmd: file-include-start, args: Map { iter: Iter([Spanned { span: Span { start: 0, end: 31, arg_idx: 0, file_scope: FileScope { file_command_index: 0, name: "tests/ptb_files/split_coins.ptb", name_index: 0 } }, value: String("tests/ptb_files/split_coins.ptb") }]) }
cmd: gas_budget, args: Map { iter: Iter([Spanned { span: Span { start: 0, end: 4, arg_idx: 0, file_scope: FileScope { file_command_index: 0, name: "tests/ptb_files/split_coins.ptb", name_index: 0 } }, value: U64(1000) }]) }
cmd: split_coins, args: Map { iter: Iter([Spanned { span: Span { start: 1, end: 4, arg_idx: 0, file_scope: FileScope { file_command_index: 1, name: "tests/ptb_files/split_coins.ptb", name_index: 0 } }, value: Address(0x1) }, Spanned { span: Span { start: 0, end: 7, arg_idx: 1, file_scope: FileScope { file_command_index: 1, name: "tests/ptb_files/split_coins.ptb", name_index: 0 } }, value: Array([Spanned { span: Span { start: 1, end: 2, arg_idx: 1, file_scope: FileScope { file_command_index: 1, name: "tests/ptb_files/split_coins.ptb", name_index: 0 } }, value: U64(1) }, Spanned { span: Span { start: 3, end: 4, arg_idx: 1, file_scope: FileScope { file_command_index: 1, name: "tests/ptb_files/split_coins.ptb", name_index: 0 } }, value: U64(2) }, Spanned { span: Span { start: 5, end: 6, arg_idx: 1, file_scope: FileScope { file_command_index: 1, name: "tests/ptb_files/split_coins.ptb", name_index: 0 } }, value: U64(3) }]) }]) }
cmd: assign, args: Map { iter: Iter([Spanned { span: Span { start: 0, end: 5, arg_idx: 0, file_scope: FileScope { file_command_index: 2, name: "tests/ptb_files/split_coins.ptb", name_index: 0 } }, value: Identifier("coins") }]) }
cmd: preview, args: Map { iter: Iter([Spanned { span: Span { start: 0, end: 5, arg_idx: 0, file_scope: FileScope { file_command_index: 3, name: "tests/ptb_files/split_coins.ptb", name_index: 0 } }, value: Bool(false) }]) }
cmd: warn_shadows, args: Map { iter: Iter([Spanned { span: Span { start: 0, end: 5, arg_idx: 0, file_scope: FileScope { file_command_index: 4, name: "tests/ptb_files/split_coins.ptb", name_index: 0 } }, value: Bool(false) }]) }
cmd: file-include-end, args: Map { iter: Iter([Spanned { span: Span { start: 0, end: 31, arg_idx: 0, file_scope: FileScope { file_command_index: 1, name: "console", name_index: 0 } }, value: String("tests/ptb_files/split_coins.ptb") }]) }
cmd: preview, args: Map { iter: Iter([Spanned { span: Span { start: 0, end: 5, arg_idx: 0, file_scope: FileScope { file_command_index: 1, name: "console", name_index: 0 } }, value: Bool(false) }]) }
cmd: warn_shadows, args: Map { iter: Iter([Spanned { span: Span { start: 0, end: 5, arg_idx: 0, file_scope: FileScope { file_command_index: 2, name: "console", name_index: 0 } }, value: Bool(false) }]) }
