---
source: crates/sui/tests/ptb_files_tests.rs
expression: "results.join(\"\\n\")"
---
 === PREVIEW === 
╭───────────────────────────────────────────────────────────────────╮
│ PTB Preview                                                       │
├────────────┬───────────────────────────────────────────┬──────────┤
│ command    │ from                                      │ value(s) │
├────────────┼───────────────────────────────────────────┼──────────┤
│ assign     │ tests/ptb_files/parsing/quote_escapes.ptb │ bar '('  │
│ assign     │ tests/ptb_files/parsing/quote_escapes.ptb │ bar '('  │
│ assign     │ tests/ptb_files/parsing/quote_escapes.ptb │ bar '('  │
│ assign     │ tests/ptb_files/parsing/quote_escapes.ptb │ bar ')'  │
│ assign     │ tests/ptb_files/parsing/quote_escapes.ptb │ bar ')'  │
│ assign     │ tests/ptb_files/parsing/quote_escapes.ptb │ bar ')'  │
│ assign     │ tests/ptb_files/parsing/quote_escapes.ptb │ bar '['  │
│ assign     │ tests/ptb_files/parsing/quote_escapes.ptb │ bar '['  │
│ assign     │ tests/ptb_files/parsing/quote_escapes.ptb │ bar '['  │
│ assign     │ tests/ptb_files/parsing/quote_escapes.ptb │ bar ']'  │
│ assign     │ tests/ptb_files/parsing/quote_escapes.ptb │ bar ']'  │
│ assign     │ tests/ptb_files/parsing/quote_escapes.ptb │ bar ']'  │
│ gas_budget │ tests/ptb_files/parsing/quote_escapes.ptb │ 11       │
│ preview    │ console                                   │ true     │
╰────────────┴───────────────────────────────────────────┴──────────╯
 === PARSED INPUT COMMANDS === 
cmd: file-include-start, value: ["\"tests/ptb_files/parsing/quote_escapes.ptb\""]
cmd: assign, value: ["bar", "\"'('\""]
cmd: assign, value: ["bar", "\"'('\""]
cmd: assign, value: ["bar", "\"'('\""]
cmd: assign, value: ["bar", "\"')'\""]
cmd: assign, value: ["bar", "\"')'\""]
cmd: assign, value: ["bar", "\"')'\""]
cmd: assign, value: ["bar", "\"'['\""]
cmd: assign, value: ["bar", "\"'['\""]
cmd: assign, value: ["bar", "\"'['\""]
cmd: assign, value: ["bar", "\"']'\""]
cmd: assign, value: ["bar", "\"']'\""]
cmd: assign, value: ["bar", "\"']'\""]
cmd: gas_budget, value: ["11u64"]
cmd: preview, value: ["false"]
cmd: warn_shadows, value: ["false"]
cmd: file-include-end, value: ["\"tests/ptb_files/parsing/quote_escapes.ptb\""]
cmd: preview, value: ["true"]
cmd: warn_shadows, value: ["false"]
 === BUILT PTB === 
