---
source: crates/sui/tests/ptb_files_tests.rs
expression: "results.join(\"\\n\")"
---
 === PREVIEW === 
╭────────────────────────────────────────────────────────────────────────╮
│ PTB Preview                                                            │
├────────────┬────────────────────────────────────────────────┬──────────┤
│ command    │ from                                           │ value(s) │
├────────────┼────────────────────────────────────────────────┼──────────┤
│ gas_budget │ tests/ptb_files/gas/non_integer_gas_budget.ptb │ @0x1     │
│ preview    │ console                                        │ true     │
╰────────────┴────────────────────────────────────────────────┴──────────╯
 === PARSED INPUT COMMANDS === 
cmd: file-include-start, value: ["\"tests/ptb_files/gas/non_integer_gas_budget.ptb\""]
cmd: gas_budget, value: ["@0x1"]
cmd: preview, value: ["false"]
cmd: warn_shadows, value: ["false"]
cmd: file-include-end, value: ["\"tests/ptb_files/gas/non_integer_gas_budget.ptb\""]
cmd: preview, value: ["true"]
cmd: warn_shadows, value: ["false"]
 === BUILDING PTB ERRORS === 
  × Error at command 0 in PTB file 'tests/ptb_files/gas/
  │ non_integer_gas_budget.ptb'
   ╭────
 1 │ gas_budget @0x1 
   ·             ─┬─
   ·              ╰── Expected an integer as the gas budget
   ╰────

  × Error at command 0 in PTB file 'console': No gas budget set for
  │ transaction at command 0 in file 'console'

