---
source: crates/sui/tests/ptb_files_tests.rs
expression: "results.join(\"\\n\")"
---
 === PREVIEW === 
╭──────────────────────────────────────────────────────────────────────────────────────────────────────────────────────────────────────────────────────────────────────╮
│ PTB Preview                                                                                                                                                          │
├───────────────┬─────────────────────────────────────────────────┬────────────────────────────────────────────────────────────────────────────────────────────────────┤
│ command       │ from                                            │ value(s)                                                                                           │
├───────────────┼─────────────────────────────────────────────────┼────────────────────────────────────────────────────────────────────────────────────────────────────┤
│ assign        │ tests/ptb_files/parsing/whitespace_handling.ptb │ x vector[1,               2,       3,4                        ]                                    │
│ assign        │ tests/ptb_files/parsing/whitespace_handling.ptb │ x vector[1,               2,       3,4                        ]                                    │
│ assign        │ tests/ptb_files/parsing/whitespace_handling.ptb │ x vector['1',               '2,       3','','4                        ']                           │
│ assign        │ tests/ptb_files/parsing/whitespace_handling.ptb │ x vector['1',               '2,       3','','4                                    ']               │
│ make_move_vec │ tests/ptb_files/parsing/whitespace_handling.ptb │ <u16> [1,               2,       3,4                        ]                                      │
│ make_move_vec │ tests/ptb_files/parsing/whitespace_handling.ptb │ <sui::string::String> [1,               2,       3,4                        ]                      │
│ make_move_vec │ tests/ptb_files/parsing/whitespace_handling.ptb │ <sui::string::String> ['1',               '2,       3','','4                        ']             │
│ make_move_vec │ tests/ptb_files/parsing/whitespace_handling.ptb │ <sui::string::String> ['1',               '2,       3','','4                                    '] │
│ gas_budget    │ tests/ptb_files/parsing/whitespace_handling.ptb │ 100                                                                                                │
│ preview       │ console                                         │ true                                                                                               │
╰───────────────┴─────────────────────────────────────────────────┴────────────────────────────────────────────────────────────────────────────────────────────────────╯
 === PARSED INPUT COMMANDS === 
cmd: file-include-start, value: ["\"tests/ptb_files/parsing/whitespace_handling.ptb\""]
cmd: assign, value: ["x", "vector[1u64, 2u64, 3u64, 4u64]"]
cmd: assign, value: ["x", "vector[1u64, 2u64, 3u64, 4u64]"]
cmd: assign, value: ["x", "vector[\"'1'\", \"'2,       3'\", \"''\", \"'4                        '\"]"]
cmd: assign, value: ["x", "vector[\"'1'\", \"'2,       3'\", \"''\", \"'4                                    '\"]"]
cmd: make_move_vec, value: ["<u16>", "[1u64, 2u64, 3u64, 4u64]"]
cmd: make_move_vec, value: ["<0x2::string::String>", "[1u64, 2u64, 3u64, 4u64]"]
cmd: make_move_vec, value: ["<0x2::string::String>", "[\"'1'\", \"'2,       3'\", \"''\", \"'4                        '\"]"]
cmd: make_move_vec, value: ["<0x2::string::String>", "[\"'1'\", \"'2,       3'\", \"''\", \"'4                                    '\"]"]
cmd: gas_budget, value: ["100u64"]
cmd: preview, value: ["false"]
cmd: warn_shadows, value: ["false"]
cmd: file-include-end, value: ["\"tests/ptb_files/parsing/whitespace_handling.ptb\""]
cmd: preview, value: ["true"]
cmd: warn_shadows, value: ["false"]
 === BUILT PTB === 
Input 0: Pure([1, 0, 0, 0, 0, 0, 0, 0])
Input 1: Pure([2, 0, 0, 0, 0, 0, 0, 0])
Input 2: Pure([3, 0, 0, 0, 0, 0, 0, 0])
Input 3: Pure([4, 0, 0, 0, 0, 0, 0, 0])
Input 4: Pure([3, 39, 49, 39])
Input 5: Pure([12, 39, 50, 44, 32, 32, 32, 32, 32, 32, 32, 51, 39])
Input 6: Pure([2, 39, 39])
Input 7: Pure([27, 39, 52, 32, 32, 32, 32, 32, 32, 32, 32, 32, 32, 32, 32, 32, 32, 32, 32, 32, 32, 32, 32, 32, 32, 32, 32, 39])
Input 8: Pure([39, 39, 52, 32, 32, 32, 32, 32, 32, 32, 32, 32, 32, 32, 32, 32, 32, 32, 32, 32, 32, 32, 32, 32, 32, 32, 32, 32, 32, 32, 32, 32, 32, 32, 32, 32, 32, 32, 32, 39])
Command 0: MakeMoveVec(Someu16,[Input(0),Input(1),Input(2),Input(3)])
Command 1: MakeMoveVec(Some0x2::string::String,[Input(0),Input(1),Input(2),Input(3)])
Command 2: MakeMoveVec(Some0x2::string::String,[Input(4),Input(5),Input(6),Input(7)])
Command 3: MakeMoveVec(Some0x2::string::String,[Input(4),Input(5),Input(6),Input(8)])
