---
source: crates/sui/tests/ptb_files_tests.rs
expression: results
---
cmd: file-include-start, args: Map { iter: Iter([Spanned { span: Span { start: 0, end: 29, arg_idx: 0, file_scope: FileScope { file_command_index: 0, name: "tests/ptb_files/move_call.ptb", name_index: 0 } }, value: String("tests/ptb_files/move_call.ptb") }]) }
cmd: gas_budget, args: Map { iter: Iter([Spanned { span: Span { start: 0, end: 4, arg_idx: 0, file_scope: FileScope { file_command_index: 0, name: "tests/ptb_files/move_call.ptb", name_index: 0 } }, value: U64(1000) }]) }
cmd: assign, args: Map { iter: Iter([Spanned { span: Span { start: 0, end: 3, arg_idx: 0, file_scope: FileScope { file_command_index: 1, name: "tests/ptb_files/move_call.ptb", name_index: 0 } }, value: String("\"a\"") }, Spanned { span: Span { start: 0, end: 4, arg_idx: 1, file_scope: FileScope { file_command_index: 1, name: "tests/ptb_files/move_call.ptb", name_index: 0 } }, value: Option(Spanned { span: Span { start: 0, end: 4, arg_idx: 1, file_scope: FileScope { file_command_index: 1, name: "tests/ptb_files/move_call.ptb", name_index: 0 } }, value: None }) }]) }
cmd: make_move_vec, args: Map { iter: Iter([Spanned { span: Span { start: 0, end: 28, arg_idx: 0, file_scope: FileScope { file_command_index: 2, name: "tests/ptb_files/move_call.ptb", name_index: 0 } }, value: String("\"<0x1::option::Option<u64>>\"") }, Spanned { span: Span { start: 0, end: 5, arg_idx: 1, file_scope: FileScope { file_command_index: 2, name: "tests/ptb_files/move_call.ptb", name_index: 0 } }, value: String("\"[a]\"") }, Spanned { span: Span { start: 0, end: 4, arg_idx: 2, file_scope: FileScope { file_command_index: 2, name: "tests/ptb_files/move_call.ptb", name_index: 0 } }, value: Option(Spanned { span: Span { start: 0, end: 4, arg_idx: 2, file_scope: FileScope { file_command_index: 2, name: "tests/ptb_files/move_call.ptb", name_index: 0 } }, value: None }) }]) }
cmd: move_call, args: Map { iter: Iter([Spanned { span: Span { start: 0, end: 22, arg_idx: 0, file_scope: FileScope { file_command_index: 3, name: "tests/ptb_files/move_call.ptb", name_index: 0 } }, value: String("\"0x1::option::is_none\"") }, Spanned { span: Span { start: 0, end: 7, arg_idx: 1, file_scope: FileScope { file_command_index: 3, name: "tests/ptb_files/move_call.ptb", name_index: 0 } }, value: String("\"<u64>\"") }, Spanned { span: Span { start: 0, end: 1, arg_idx: 2, file_scope: FileScope { file_command_index: 3, name: "tests/ptb_files/move_call.ptb", name_index: 0 } }, value: Identifier("a") }]) }
cmd: assign, args: Map { iter: Iter([Spanned { span: Span { start: 0, end: 3, arg_idx: 0, file_scope: FileScope { file_command_index: 4, name: "tests/ptb_files/move_call.ptb", name_index: 0 } }, value: String("\"a\"") }, Spanned { span: Span { start: 0, end: 4, arg_idx: 1, file_scope: FileScope { file_command_index: 4, name: "tests/ptb_files/move_call.ptb", name_index: 0 } }, value: Option(Spanned { span: Span { start: 0, end: 4, arg_idx: 1, file_scope: FileScope { file_command_index: 4, name: "tests/ptb_files/move_call.ptb", name_index: 0 } }, value: None }) }]) }
cmd: move_call, args: Map { iter: Iter([Spanned { span: Span { start: 0, end: 22, arg_idx: 0, file_scope: FileScope { file_command_index: 5, name: "tests/ptb_files/move_call.ptb", name_index: 0 } }, value: String("\"0x1::option::is_none\"") }, Spanned { span: Span { start: 0, end: 7, arg_idx: 1, file_scope: FileScope { file_command_index: 5, name: "tests/ptb_files/move_call.ptb", name_index: 0 } }, value: String("\"<u64>\"") }, Spanned { span: Span { start: 0, end: 4, arg_idx: 2, file_scope: FileScope { file_command_index: 5, name: "tests/ptb_files/move_call.ptb", name_index: 0 } }, value: Option(Spanned { span: Span { start: 0, end: 4, arg_idx: 2, file_scope: FileScope { file_command_index: 5, name: "tests/ptb_files/move_call.ptb", name_index: 0 } }, value: None }) }]) }
cmd: move_call, args: Map { iter: Iter([Spanned { span: Span { start: 0, end: 22, arg_idx: 0, file_scope: FileScope { file_command_index: 6, name: "tests/ptb_files/move_call.ptb", name_index: 0 } }, value: String("\"0x1::option::is_none\"") }, Spanned { span: Span { start: 0, end: 7, arg_idx: 1, file_scope: FileScope { file_command_index: 6, name: "tests/ptb_files/move_call.ptb", name_index: 0 } }, value: String("\"<u64>\"") }, Spanned { span: Span { start: 0, end: 1, arg_idx: 2, file_scope: FileScope { file_command_index: 6, name: "tests/ptb_files/move_call.ptb", name_index: 0 } }, value: Identifier("a") }]) }
cmd: preview, args: Map { iter: Iter([Spanned { span: Span { start: 0, end: 5, arg_idx: 0, file_scope: FileScope { file_command_index: 7, name: "tests/ptb_files/move_call.ptb", name_index: 0 } }, value: Bool(false) }]) }
cmd: warn_shadows, args: Map { iter: Iter([Spanned { span: Span { start: 0, end: 5, arg_idx: 0, file_scope: FileScope { file_command_index: 8, name: "tests/ptb_files/move_call.ptb", name_index: 0 } }, value: Bool(false) }]) }
cmd: file-include-end, args: Map { iter: Iter([Spanned { span: Span { start: 0, end: 29, arg_idx: 0, file_scope: FileScope { file_command_index: 1, name: "console", name_index: 0 } }, value: String("tests/ptb_files/move_call.ptb") }]) }
cmd: preview, args: Map { iter: Iter([Spanned { span: Span { start: 0, end: 5, arg_idx: 0, file_scope: FileScope { file_command_index: 1, name: "console", name_index: 0 } }, value: Bool(false) }]) }
cmd: warn_shadows, args: Map { iter: Iter([Spanned { span: Span { start: 0, end: 5, arg_idx: 0, file_scope: FileScope { file_command_index: 2, name: "console", name_index: 0 } }, value: Bool(false) }]) }
