---
source: crates/sui/tests/ptb_files_tests.rs
expression: "results.join(\"\\n\")"
---
 === PREVIEW === 
╭─────────────────────────────────────────────────────────────────────────────────────────────╮
│ PTB Preview                                                                                 │
├─────────────┬──────────────────────────────────────────────────────────┬────────────────────┤
│ command     │ from                                                     │ value(s)           │
├─────────────┼──────────────────────────────────────────────────────────┼────────────────────┤
│ gas_budget  │ tests/ptb_files/merge_coins/merge_coins_invalid_args.ptb │ 1000000            │
│ merge_coins │ tests/ptb_files/merge_coins/merge_coins_invalid_args.ptb │ @0x1               │
│ merge_coins │ tests/ptb_files/merge_coins/merge_coins_invalid_args.ptb │ @0x1 true          │
│ merge_coins │ tests/ptb_files/merge_coins/merge_coins_invalid_args.ptb │ @0x1 [true, false] │
│ merge_coins │ tests/ptb_files/merge_coins/merge_coins_invalid_args.ptb │ true [@0x1]        │
│ merge_coins │ tests/ptb_files/merge_coins/merge_coins_invalid_args.ptb │ gas []             │
│ preview     │ console                                                  │ true               │
╰─────────────┴──────────────────────────────────────────────────────────┴────────────────────╯
 === PARSED INPUT COMMANDS === 
cmd: file-include-start, value: ["\"tests/ptb_files/merge_coins/merge_coins_invalid_args.ptb\""]
cmd: gas_budget, value: ["1000000u64"]
cmd: merge_coins, value: ["@0x1"]
cmd: merge_coins, value: ["@0x1", "true"]
cmd: merge_coins, value: ["@0x1", "[true, false]"]
cmd: merge_coins, value: ["true", "[@0x1]"]
cmd: merge_coins, value: ["gas", "[]"]
cmd: preview, value: ["false"]
cmd: warn_shadows, value: ["false"]
cmd: file-include-end, value: ["\"tests/ptb_files/merge_coins/merge_coins_invalid_args.ptb\""]
cmd: preview, value: ["true"]
cmd: warn_shadows, value: ["false"]
 === BUILDING PTB ERRORS === 
  × Error at command 1 in PTB file 'tests/ptb_files/merge_coins/
  │ merge_coins_invalid_args.ptb'
   ╭────
 1 │ merge_coins @0x1 
   · ─────┬─────
   ·      ╰── Expected 2 arguments but got 1
   ╰────

  × Error at command 2 in PTB file 'tests/ptb_files/merge_coins/
  │ merge_coins_invalid_args.ptb'
   ╭────
 1 │ merge_coins @0x1 true 
   ·                  ──┬─
   ·                    ╰── Expected array of coins
   ╰────

