---
source: crates/sui-swarm-config/tests/snapshot_tests.rs
expression: genesis.sui_system_object().into_genesis_version_for_tooling()
---
epoch: 0
protocol_version: 13
system_state_version: 1
validators:
  total_stake: 20000000000000000
  active_validators:
    - metadata:
        sui_address: "0x60307f36c284875bf298d4d85a673046648b1ac4b47e712e42ab10d57dd77a26"
        protocol_pubkey_bytes:
          - 153
          - 242
          - 94
          - 246
          - 31
          - 128
          - 50
          - 185
          - 20
          - 99
          - 100
          - 96
          - 152
          - 44
          - 92
          - 198
          - 241
          - 52
          - 239
          - 29
          - 218
          - 231
          - 102
          - 87
          - 242
          - 203
          - 254
          - 193
          - 235
          - 252
          - 141
          - 9
          - 115
          - 116
          - 8
          - 13
          - 246
          - 252
          - 240
          - 220
          - 184
          - 188
          - 75
          - 13
          - 142
          - 10
          - 245
          - 216
          - 14
          - 187
          - 255
          - 43
          - 76
          - 89
          - 159
          - 84
          - 244
          - 45
          - 99
          - 18
          - 223
          - 195
          - 20
          - 39
          - 96
          - 120
          - 193
          - 204
          - 52
          - 126
          - 187
          - 190
          - 197
          - 25
          - 139
          - 226
          - 88
          - 81
          - 63
          - 56
          - 107
          - 147
          - 13
          - 2
          - 194
          - 116
          - 154
          - 128
          - 62
          - 35
          - 48
          - 149
          - 94
          - 189
          - 26
          - 16
        network_pubkey_bytes:
          - 148
          - 228
          - 168
          - 73
          - 49
          - 68
          - 233
          - 230
          - 150
          - 32
          - 140
          - 190
          - 208
          - 2
          - 89
          - 230
          - 221
          - 181
          - 111
          - 151
          - 155
          - 145
          - 195
          - 41
          - 103
          - 86
          - 9
          - 133
          - 190
          - 97
          - 144
          - 155
        worker_pubkey_bytes:
          - 31
          - 42
          - 121
          - 1
          - 168
          - 66
          - 228
          - 211
          - 98
          - 59
          - 198
          - 28
          - 225
          - 193
          - 113
          - 125
          - 46
          - 118
          - 142
          - 15
          - 215
          - 45
          - 248
          - 52
          - 26
          - 245
          - 102
          - 21
          - 185
          - 22
          - 240
          - 56
        proof_of_possession_bytes:
          - 151
          - 191
          - 31
          - 245
          - 62
          - 131
          - 184
          - 23
          - 162
          - 33
          - 124
          - 71
          - 229
          - 10
          - 56
          - 179
          - 47
          - 67
          - 223
          - 65
          - 196
          - 125
          - 67
          - 111
          - 55
          - 104
          - 114
          - 157
          - 166
          - 146
          - 6
          - 104
          - 90
          - 214
          - 33
          - 36
          - 63
          - 93
          - 228
          - 221
          - 166
          - 7
          - 164
          - 61
          - 169
          - 219
          - 78
          - 19
        name: "0"
        description: ""
        image_url: ""
        project_url: ""
        net_address: /ip4/127.0.0.1/tcp/80
        p2p_address: /ip4/127.0.0.1/udp/80
        primary_address: /ip4/127.0.0.1/udp/80
        worker_address: /ip4/127.0.0.1/udp/80
        next_epoch_protocol_pubkey_bytes: ~
        next_epoch_proof_of_possession: ~
        next_epoch_network_pubkey_bytes: ~
        next_epoch_worker_pubkey_bytes: ~
        next_epoch_net_address: ~
        next_epoch_p2p_address: ~
        next_epoch_primary_address: ~
        next_epoch_worker_address: ~
        extra_fields:
          id:
<<<<<<< HEAD
            id: "0x58cddabda35229a0133230354eaaea320ffdcade894816abd770a1d452ff7b5e"
          size: 0
      voting_power: 10000
      operation_cap_id: "0x275b18b28e90cbc3d3a6132d91f2023ad09fe5b959abb44780fa40acb3dc4561"
      gas_price: 1000
      staking_pool:
        id: "0xc8daced9001912f24e6eb3c197d52ecf0fc2d2e729f6a4449286ffebcf8bdeb4"
=======
            id: "0x10dd980e1b6da92f56dc8777636d7d68d17f5bc3593cc0a2084e15573a882390"
          size: 0
      voting_power: 10000
      operation_cap_id: "0xe236c3ffa6394a69b567f9b39d969d78190ed0c0b70050b279cd7616c8e81f82"
      gas_price: 1000
      staking_pool:
        id: "0xbd06dd50c4993a2de98c954b2614bf50fbdc9209e7b877c6812543e3024884ae"
>>>>>>> ee1fc5a532 (init clob_v2 and custodian_v2 with original module)
        activation_epoch: 0
        deactivation_epoch: ~
        sui_balance: 20000000000000000
        rewards_pool:
          value: 0
        pool_token_balance: 20000000000000000
        exchange_rates:
<<<<<<< HEAD
          id: "0xb412c8f83790ee1970693a99e18b4b8664a9e3a30b0a193c6c003040930710f0"
=======
          id: "0xd4f4299f2ffa239959179b6a7373400eb7021069348641fab4593b091b992612"
>>>>>>> ee1fc5a532 (init clob_v2 and custodian_v2 with original module)
          size: 1
        pending_stake: 0
        pending_total_sui_withdraw: 0
        pending_pool_token_withdraw: 0
        extra_fields:
          id:
<<<<<<< HEAD
            id: "0x3ea8de4c21e39006bed08fe15b1c0ae71757745f6426724a67b9aa514d6501be"
=======
            id: "0x3bb4ef1df6f9549cd678365856859a5987c7748bbbfe1db49288ce586f401a09"
>>>>>>> ee1fc5a532 (init clob_v2 and custodian_v2 with original module)
          size: 0
      commission_rate: 200
      next_epoch_stake: 20000000000000000
      next_epoch_gas_price: 1000
      next_epoch_commission_rate: 200
      extra_fields:
        id:
<<<<<<< HEAD
          id: "0x2bd7c85b5c19900ddb4a8522323d751c31f599cd063727dffd9c865b99cf6c8d"
        size: 0
  pending_active_validators:
    contents:
      id: "0xd3b3780b264503de3db4db3f92db42e0126e92f8ee0052d4c26979318aa4f273"
      size: 0
  pending_removals: []
  staking_pool_mappings:
    id: "0x3d9b236df0093b04f24d85f0a1194aa120b8e83e80a598c203860fff61593bf0"
    size: 1
  inactive_validators:
    id: "0x95a6268d5fb93fb10ebfcd5e6fbb2bd117ef1882a756ef2f7076908bdb6abecf"
    size: 0
  validator_candidates:
    id: "0x5af0129f2a833611d88adbfbcd211664cf4999eefda23b6f9fbe4f7eff8c7175"
=======
          id: "0x31844066e8233c2f4b721b204947b688fa939425ec3c8191ab3a436320f25e73"
        size: 0
  pending_active_validators:
    contents:
      id: "0x4417b8fe5ad06afc811b1f0e6f4c149f4b4c62e8c7cda2c0789aa896baf09cb1"
      size: 0
  pending_removals: []
  staking_pool_mappings:
    id: "0x12527131f0cdf27fec7d1d299075471fa16c40f93f482a67a0f366aba26f29da"
    size: 1
  inactive_validators:
    id: "0x34a6fe3ecaca197d081b98d2066c863cd868304d304c7861e1463d874bda2637"
    size: 0
  validator_candidates:
    id: "0x6bb7fc684f031f91844f1382aadf57c9c9c331eb5da3d23a1cd353b6e907c4eb"
>>>>>>> ee1fc5a532 (init clob_v2 and custodian_v2 with original module)
    size: 0
  at_risk_validators:
    contents: []
  extra_fields:
    id:
<<<<<<< HEAD
      id: "0x98b720f7b0b19ed5bc26fca5bfd847b0cd412e8e55c937c0281c9205c62cb824"
=======
      id: "0xbeffc81804231c03d3c04f035e200d44462ca3595df43a341b2b77324b40ff4a"
>>>>>>> ee1fc5a532 (init clob_v2 and custodian_v2 with original module)
    size: 0
storage_fund:
  total_object_storage_rebates:
    value: 0
  non_refundable_balance:
    value: 0
parameters:
  epoch_duration_ms: 86400000
  stake_subsidy_start_epoch: 0
  max_validator_count: 150
  min_validator_joining_stake: 30000000000000000
  validator_low_stake_threshold: 20000000000000000
  validator_very_low_stake_threshold: 15000000000000000
  validator_low_stake_grace_period: 7
  extra_fields:
    id:
<<<<<<< HEAD
      id: "0xb7ac22ef65c28d5c786842139632023c1238cdce3eb07e32b20b22c777939592"
=======
      id: "0x8288a9516e4fbd10472d8363d3a20c4004927407d510115a3059710bcbbd2b35"
>>>>>>> ee1fc5a532 (init clob_v2 and custodian_v2 with original module)
    size: 0
reference_gas_price: 1000
validator_report_records:
  contents: []
stake_subsidy:
  balance:
    value: 9230000000000000000
  distribution_counter: 0
  current_distribution_amount: 1000000000000000
  stake_subsidy_period_length: 10
  stake_subsidy_decrease_rate: 1000
  extra_fields:
    id:
<<<<<<< HEAD
      id: "0x0fdf6028c5f3f5f07747ffc4834d3d42bab0a24bf2d0244de41685c3dd8c22d9"
=======
      id: "0x47a6a53f0fc1f291cb9a0f79f679ffe83c92b149fbbefca5a714ad46525d9865"
>>>>>>> ee1fc5a532 (init clob_v2 and custodian_v2 with original module)
    size: 0
safe_mode: false
safe_mode_storage_rewards:
  value: 0
safe_mode_computation_rewards:
  value: 0
safe_mode_storage_rebates: 0
safe_mode_non_refundable_storage_fee: 0
epoch_start_timestamp_ms: 10
extra_fields:
  id:
<<<<<<< HEAD
    id: "0xb20341d9287cb6ad7352c4fb251e2fa79de9a50241904766c8424c61d30cbcce"
=======
    id: "0x32aec626f63da4586cf41af7cdf4580b586ca65266d8e1d01ca6ea80869aad78"
>>>>>>> ee1fc5a532 (init clob_v2 and custodian_v2 with original module)
  size: 0

