---
source: crates/sui-cost/tests/empirical_transaction_cost.rs
expression: common_costs_estimate
---
{
  "MergeCoin": {
    "computation_cost": 5962,
    "storage_cost": 8801,
    "storage_rebate": 0
  },
  "Publish": {
    "computation_cost": 6749,
    "storage_cost": 9897,
    "storage_rebate": 0
  },
  "SharedCounterAssertValue": {
    "computation_cost": 670,
    "storage_cost": 813,
    "storage_rebate": 0
  },
  "SharedCounterCreate": {
    "computation_cost": 548,
    "storage_cost": 782,
    "storage_rebate": 0
  },
  "SharedCounterIncrement": {
    "computation_cost": 670,
    "storage_cost": 813,
    "storage_rebate": 0
  },
  "SplitCoin": {
    "computation_cost": 5940,
    "storage_cost": 8769,
    "storage_rebate": 0
  },
  "TransferPortionSuiCoin": {
    "computation_cost": 56,
    "storage_cost": 52,
    "storage_rebate": 0
  },
  "TransferWholeCoin": {
    "computation_cost": 77,
    "storage_cost": 84,
    "storage_rebate": 0
  },
  "TransferWholeSuiCoin": {
    "computation_cost": 56,
    "storage_cost": 52,
    "storage_rebate": 0
  }
}
