---
source: crates/sui-cost/tests/snapshot_tests.rs
expression: common_costs
---
Publish:
  computationCost: 562
  storageCost: 84
  storageRebate: 16
MergeCoin:
  computationCost: 502
  storageCost: 32
  storageRebate: 0
? SplitCoin: 0
: computationCost: 485
  storageCost: 32
  storageRebate: 0
? SplitCoin: 1
<<<<<<< HEAD
: computationCost: 514
  storageCost: 48
  storageRebate: 0
? SplitCoin: 2
: computationCost: 557
  storageCost: 64
  storageRebate: 0
? SplitCoin: 3
: computationCost: 599
=======
: computationCost: 528
  storageCost: 48
  storageRebate: 0
? SplitCoin: 2
: computationCost: 571
  storageCost: 64
  storageRebate: 0
? SplitCoin: 3
: computationCost: 614
>>>>>>> afeecdf97106dda1b071518a5f16d02aded563b4
  storageCost: 80
  storageRebate: 0
TransferWholeCoin:
  computationCost: 41
  storageCost: 32
  storageRebate: 0
TransferPortionCoin:
  computationCost: 41
  storageCost: 32
  storageRebate: 0
TransferWholeSuiCoin:
  computationCost: 38
  storageCost: 32
  storageRebate: 0
TransferPortionSuiCoin:
  computationCost: 45
  storageCost: 48
  storageRebate: 0
SharedCounterCreate:
  computationCost: 99
  storageCost: 31
  storageRebate: 0
SharedCounterAssertValue:
  computationCost: 188
  storageCost: 31
  storageRebate: 15
SharedCounterIncrement:
  computationCost: 188
  storageCost: 31
  storageRebate: 15

